Running suite 'Suites' with 13 tests.
==============================================================================
.Fxxxxxxxxxxx
------------------------------------------------------------------------------
FAIL: Suites.Fourth.Suite4 First
Expected
==============================================================================
Run suite 'Suites' with 13 tests in *.

UNKNOWNED
13 tests, 1 passed, 1 failed, 11 unknown

Output: *.xml
